2025-08-17 20:37:11 melahi-Latitude-7410 my_wiki: MediaWiki\Permissions\RateLimiter::limit: limiting stashedit rate for 127.0.0.1
2025-08-17 20:37:12 melahi-Latitude-7410 my_wiki: MediaWiki\Permissions\RateLimiter::limit: limiting stashedit rate for 127.0.0.1
2025-08-17 20:40:23 melahi-Latitude-7410 my_wiki: MediaWiki\Permissions\RateLimiter::limit: limiting stashedit rate for 127.0.0.1
2025-08-17 20:40:23 melahi-Latitude-7410 my_wiki: MediaWiki\Permissions\RateLimiter::limit: limiting stashedit rate for 127.0.0.1
2025-08-17 20:46:42 melahi-Latitude-7410 my_wiki: MediaWiki\Permissions\RateLimiter::limit: limiting stashedit rate for 127.0.0.1
2025-08-17 20:46:42 melahi-Latitude-7410 my_wiki: MediaWiki\Permissions\RateLimiter::limit: limiting edit rate for ~2025-3
2025-08-17 20:46:42 melahi-Latitude-7410 my_wiki: MediaWiki\Permissions\RateLimiter::limit: limiting linkpurge rate for ~2025-3
2025-08-17 20:53:49 melahi-Latitude-7410 my_wiki: MediaWiki\Permissions\RateLimiter::limit: limiting stashedit rate for 127.0.0.1
2025-08-17 20:53:49 melahi-Latitude-7410 my_wiki: MediaWiki\Permissions\RateLimiter::limit: limiting stashedit rate for 127.0.0.1
2025-08-17 20:53:59 melahi-Latitude-7410 my_wiki: MediaWiki\Permissions\RateLimiter::limit: limiting edit rate for ~2025-4
2025-08-17 20:53:59 melahi-Latitude-7410 my_wiki: MediaWiki\Permissions\RateLimiter::limit: limiting linkpurge rate for ~2025-4
2025-08-18 09:58:04 melahi-Latitude-7410 my_wiki: MediaWiki\Permissions\RateLimiter::limit: limiting edit rate for Melahi
2025-08-18 09:58:04 melahi-Latitude-7410 my_wiki: MediaWiki\Permissions\RateLimiter::limit: limiting upload rate for Melahi
2025-08-18 10:13:37 melahi-Latitude-7410 my_wiki: MediaWiki\Permissions\RateLimiter::limit: limiting stashedit rate for Melahi
2025-08-18 10:13:37 melahi-Latitude-7410 my_wiki: MediaWiki\Permissions\RateLimiter::limit: limiting edit rate for Melahi
2025-08-18 10:13:37 melahi-Latitude-7410 my_wiki: MediaWiki\Permissions\RateLimiter::limit: limiting linkpurge rate for Melahi
2025-08-18 10:15:55 melahi-Latitude-7410 my_wiki: MediaWiki\Permissions\RateLimiter::limit: limiting edit rate for Melahi
2025-08-18 10:15:55 melahi-Latitude-7410 my_wiki: MediaWiki\Permissions\RateLimiter::limit: limiting linkpurge rate for Melahi
2025-08-18 10:15:55 melahi-Latitude-7410 my_wiki: MediaWiki\Permissions\RateLimiter::limit: limiting linkpurge rate for Melahi
2025-08-18 10:16:23 melahi-Latitude-7410 my_wiki: MediaWiki\Permissions\RateLimiter::limit: limiting stashedit rate for Melahi
2025-08-18 10:16:23 melahi-Latitude-7410 my_wiki: MediaWiki\Permissions\RateLimiter::limit: limiting edit rate for Melahi
2025-08-18 10:16:23 melahi-Latitude-7410 my_wiki: MediaWiki\Permissions\RateLimiter::limit: limiting linkpurge rate for Melahi
2025-08-18 10:22:42 melahi-Latitude-7410 my_wiki: MediaWiki\Permissions\RateLimiter::limit: limiting stashedit rate for Melahi
2025-08-18 10:22:59 melahi-Latitude-7410 my_wiki: MediaWiki\Permissions\RateLimiter::limit: limiting stashedit rate for Melahi
2025-08-18 10:23:16 melahi-Latitude-7410 my_wiki: MediaWiki\Permissions\RateLimiter::limit: limiting stashedit rate for Melahi
2025-08-18 10:23:16 melahi-Latitude-7410 my_wiki: MediaWiki\Permissions\RateLimiter::limit: limiting edit rate for Melahi
2025-08-18 10:23:16 melahi-Latitude-7410 my_wiki: MediaWiki\Permissions\RateLimiter::limit: limiting linkpurge rate for Melahi
2025-08-18 10:25:28 melahi-Latitude-7410 my_wiki: MediaWiki\Permissions\RateLimiter::limit: limiting edit rate for Melahi
2025-08-18 10:25:28 melahi-Latitude-7410 my_wiki: MediaWiki\Permissions\RateLimiter::limit: limiting upload rate for Melahi
2025-08-18 10:26:11 melahi-Latitude-7410 my_wiki: MediaWiki\Permissions\RateLimiter::limit: limiting stashedit rate for Melahi
2025-08-18 10:26:20 melahi-Latitude-7410 my_wiki: MediaWiki\Permissions\RateLimiter::limit: limiting stashedit rate for Melahi
2025-08-18 10:26:20 melahi-Latitude-7410 my_wiki: MediaWiki\Permissions\RateLimiter::limit: limiting edit rate for Melahi
2025-08-18 10:26:20 melahi-Latitude-7410 my_wiki: MediaWiki\Permissions\RateLimiter::limit: limiting linkpurge rate for Melahi
2025-08-18 10:28:58 melahi-Latitude-7410 my_wiki: MediaWiki\Permissions\RateLimiter::limit: limiting stashedit rate for Melahi
2025-08-18 10:29:10 melahi-Latitude-7410 my_wiki: MediaWiki\Permissions\RateLimiter::limit: limiting stashedit rate for Melahi
2025-08-18 10:29:19 melahi-Latitude-7410 my_wiki: MediaWiki\Permissions\RateLimiter::limit: limiting stashedit rate for Melahi
2025-08-18 10:29:20 melahi-Latitude-7410 my_wiki: MediaWiki\Permissions\RateLimiter::limit: limiting edit rate for Melahi
2025-08-18 10:29:20 melahi-Latitude-7410 my_wiki: MediaWiki\Permissions\RateLimiter::limit: limiting linkpurge rate for Melahi
2025-08-18 10:30:04 melahi-Latitude-7410 my_wiki: MediaWiki\Permissions\RateLimiter::limit: limiting stashedit rate for Melahi
2025-08-18 10:30:06 melahi-Latitude-7410 my_wiki: MediaWiki\Permissions\RateLimiter::limit: limiting edit rate for Melahi
2025-08-18 10:30:06 melahi-Latitude-7410 my_wiki: MediaWiki\Permissions\RateLimiter::limit: limiting linkpurge rate for Melahi
2025-08-18 10:31:49 melahi-Latitude-7410 my_wiki: MediaWiki\Permissions\RateLimiter::limit: limiting stashedit rate for Melahi
2025-08-18 10:33:02 melahi-Latitude-7410 my_wiki: MediaWiki\Permissions\RateLimiter::limit: limiting stashedit rate for Melahi
2025-08-18 10:33:02 melahi-Latitude-7410 my_wiki: MediaWiki\Permissions\RateLimiter::limit: limiting edit rate for Melahi
2025-08-18 10:33:02 melahi-Latitude-7410 my_wiki: MediaWiki\Permissions\RateLimiter::limit: limiting linkpurge rate for Melahi
2025-08-18 10:33:26 melahi-Latitude-7410 my_wiki: MediaWiki\Permissions\RateLimiter::limit: limiting stashedit rate for Melahi
2025-08-18 10:33:26 melahi-Latitude-7410 my_wiki: MediaWiki\Permissions\RateLimiter::limit: limiting edit rate for Melahi
2025-08-18 10:33:26 melahi-Latitude-7410 my_wiki: MediaWiki\Permissions\RateLimiter::limit: limiting linkpurge rate for Melahi
2025-08-18 10:33:41 melahi-Latitude-7410 my_wiki: MediaWiki\Permissions\RateLimiter::limit: limiting stashedit rate for Melahi
2025-08-18 10:33:46 melahi-Latitude-7410 my_wiki: MediaWiki\Permissions\RateLimiter::limit: limiting stashedit rate for Melahi
2025-08-18 10:33:46 melahi-Latitude-7410 my_wiki: MediaWiki\Permissions\RateLimiter::limit: limiting edit rate for Melahi
2025-08-18 10:33:46 melahi-Latitude-7410 my_wiki: MediaWiki\Permissions\RateLimiter::limit: limiting linkpurge rate for Melahi
